{
  "data" : {
    "model" : {
      "fileSelection" : {
        "path" : {
          "fsCategory" : "LOCAL",
          "path" : "",
          "timeout" : 10000,
          "context" : {
            "fsToString" : "(LOCAL, )"
          }
        }
      },
      "credentials" : {
        "isHiddenPassword" : false,
        "isHiddenSecondFactor" : false,
        "username" : ""
      },
      "dynamicValuesInput" : {
        "values" : [ ],
        "inputKind" : "SINGLE"
      },
      "columnFilter" : {
        "mode" : "MANUAL",
        "patternFilter" : {
          "pattern" : "",
          "isCaseSensitive" : false,
          "isInverted" : false
        },
        "manualFilter" : {
          "manuallySelected" : [ ],
          "manuallyDeselected" : [ ],
          "includeUnknownColumns" : false
        },
        "typeFilter" : {
          "selectedTypes" : [ ],
          "typeDisplays" : [ ]
        }
      },
      "flowVariableFilter" : {
        "mode" : "MANUAL",
        "patternFilter" : {
          "pattern" : "",
          "isCaseSensitive" : false,
          "isInverted" : false
        },
        "manualFilter" : {
          "manuallySelected" : [ ],
          "manuallyDeselected" : [ ],
          "includeUnknownColumns" : false
        },
        "typeFilter" : {
          "selectedTypes" : [ ],
          "typeDisplays" : [ ]
        }
      },
      "nested" : { },
      "nestedSettingsRenamed" : { }
    }
  },
  "schema" : {
    "type" : "object",
    "properties" : {
      "model" : {
        "type" : "object",
        "properties" : {
          "columnFilter" : {
            "type" : "object",
            "properties" : {
              "manualFilter" : {
                "type" : "object",
                "properties" : {
                  "includeUnknownColumns" : {
                    "type" : "boolean",
                    "default" : false
                  },
                  "manuallyDeselected" : {
                    "type" : "array",
                    "items" : {
                      "type" : "string"
                    }
                  },
                  "manuallySelected" : {
                    "type" : "array",
                    "items" : {
                      "type" : "string"
                    }
                  }
                },
                "default" : {
                  "manuallySelected" : [ ],
                  "manuallyDeselected" : [ ],
                  "includeUnknownColumns" : false
                }
              },
              "mode" : {
                "oneOf" : [ {
                  "const" : "MANUAL",
                  "title" : "Manual"
                }, {
                  "const" : "REGEX",
                  "title" : "Regex"
                }, {
                  "const" : "WILDCARD",
                  "title" : "Wildcard"
                }, {
                  "const" : "TYPE",
                  "title" : "Type"
                } ],
                "default" : "MANUAL"
              },
              "patternFilter" : {
                "type" : "object",
                "properties" : {
                  "isCaseSensitive" : {
                    "type" : "boolean",
                    "default" : false
                  },
                  "isInverted" : {
                    "type" : "boolean",
                    "default" : false
                  },
                  "pattern" : {
                    "type" : "string",
                    "default" : ""
                  }
                },
                "default" : {
                  "pattern" : "",
                  "isCaseSensitive" : false,
                  "isInverted" : false
                }
              },
              "selected" : {
                "type" : "array",
                "items" : {
                  "type" : "string"
                }
              },
              "typeFilter" : {
                "type" : "object",
                "properties" : {
                  "selectedTypes" : {
                    "default" : [ ],
                    "type" : "array",
                    "items" : {
                      "type" : "string"
                    }
                  }
                },
                "default" : {
                  "selectedTypes" : [ ],
                  "typeDisplays" : [ ]
                }
              }
            },
            "title" : "Column Filter",
            "default" : {
              "mode" : "MANUAL",
              "patternFilter" : {
                "pattern" : "",
                "isCaseSensitive" : false,
                "isInverted" : false
              },
              "manualFilter" : {
                "manuallySelected" : [ ],
                "manuallyDeselected" : [ ],
                "includeUnknownColumns" : false
              },
              "typeFilter" : {
                "selectedTypes" : [ ],
                "typeDisplays" : [ ]
              }
            }
          },
          "columnSelection" : {
            "type" : "string",
            "title" : "Column Selection"
          },
          "credentials" : {
            "type" : "object",
            "properties" : {
              "password" : {
                "type" : "string",
                "default" : ""
              },
              "secondFactor" : {
                "type" : "string",
                "default" : ""
              },
              "username" : {
                "type" : "string",
                "default" : ""
              }
            },
            "title" : "Credentials",
            "default" : {
              "isHiddenPassword" : false,
              "isHiddenSecondFactor" : false,
              "username" : ""
            }
          },
          "dynamicValuesInput" : {
            "type" : "object",
            "properties" : {
              "inputKind" : {
                "oneOf" : [ {
                  "const" : "SINGLE",
                  "title" : "Single"
                }, {
                  "const" : "DOUBLE",
                  "title" : "Double"
                }, {
                  "const" : "COLLECTION",
                  "title" : "Collection"
                } ]
              },
              "values" : {
                "type" : "array",
                "items" : {
                  "type" : "object"
                }
              }
            },
            "title" : "Dynamic Values Input",
            "default" : {
              "values" : [ ],
              "inputKind" : "SINGLE"
            }
          },
          "fileSelection" : {
            "type" : "object",
            "properties" : {
              "path" : {
                "type" : "object",
                "default" : {
                  "fsCategory" : "LOCAL",
                  "path" : "",
                  "timeout" : 10000,
                  "context" : {
                    "fsToString" : "(LOCAL, )"
                  }
                }
              }
            },
            "title" : "File Chooser",
            "default" : {
              "path" : {
                "fsCategory" : "LOCAL",
                "path" : "",
                "timeout" : 10000,
                "context" : {
                  "fsToString" : "(LOCAL, )"
                }
              }
            }
          },
          "flowVariableFilter" : {
            "type" : "object",
            "properties" : {
              "manualFilter" : {
                "type" : "object",
                "properties" : {
                  "includeUnknownColumns" : {
                    "type" : "boolean",
                    "default" : false
                  },
                  "manuallyDeselected" : {
                    "type" : "array",
                    "items" : {
                      "type" : "string"
                    }
                  },
                  "manuallySelected" : {
                    "type" : "array",
                    "items" : {
                      "type" : "string"
                    }
                  }
                },
                "default" : {
                  "manuallySelected" : [ ],
                  "manuallyDeselected" : [ ],
                  "includeUnknownColumns" : false
                }
              },
              "mode" : {
                "oneOf" : [ {
                  "const" : "MANUAL",
                  "title" : "Manual"
                }, {
                  "const" : "REGEX",
                  "title" : "Regex"
                }, {
                  "const" : "WILDCARD",
                  "title" : "Wildcard"
                }, {
                  "const" : "TYPE",
                  "title" : "Type"
                } ],
                "default" : "MANUAL"
              },
              "patternFilter" : {
                "type" : "object",
                "properties" : {
                  "isCaseSensitive" : {
                    "type" : "boolean",
                    "default" : false
                  },
                  "isInverted" : {
                    "type" : "boolean",
                    "default" : false
                  },
                  "pattern" : {
                    "type" : "string",
                    "default" : ""
                  }
                },
                "default" : {
                  "pattern" : "",
                  "isCaseSensitive" : false,
                  "isInverted" : false
                }
              },
              "selected" : {
                "type" : "array",
                "items" : {
                  "type" : "string"
                }
              },
              "typeFilter" : {
                "type" : "object",
                "properties" : {
                  "selectedTypes" : {
                    "default" : [ ],
                    "type" : "array",
                    "items" : {
                      "type" : "string"
                    }
                  }
                },
                "default" : {
                  "selectedTypes" : [ ],
                  "typeDisplays" : [ ]
                }
              }
            },
            "title" : "Flow Variable Filter",
            "default" : {
              "mode" : "MANUAL",
              "patternFilter" : {
                "pattern" : "",
                "isCaseSensitive" : false,
                "isInverted" : false
              },
              "manualFilter" : {
                "manuallySelected" : [ ],
                "manuallyDeselected" : [ ],
                "includeUnknownColumns" : false
              },
              "typeFilter" : {
                "selectedTypes" : [ ],
                "typeDisplays" : [ ]
              }
            }
          },
          "nested" : {
            "type" : "object",
            "properties" : {
              "nestedString" : {
                "type" : "string",
                "title" : "Nested String Setting"
              }
            },
            "default" : { }
          },
          "nestedSettingsRenamed" : {
            "type" : "object",
            "properties" : {
              "nestedString" : {
                "type" : "string",
                "title" : "Nested String Setting"
              }
            },
            "default" : { }
          },
          "nestedSettingsWithCustomPersistor" : {
            "type" : "object",
            "properties" : {
              "nestedString" : {
                "type" : "string",
                "title" : "Nested String Setting"
              }
            }
          },
          "simpleButton" : {
            "type" : "object",
            "title" : "Simple Button"
          },
          "string" : {
            "type" : "string",
            "title" : "String Setting"
          }
        }
      }
    }
  },
  "ui_schema" : {
    "elements" : [ {
      "type" : "Control",
      "scope" : "#/properties/model/properties/fileSelection",
      "options" : {
        "format" : "fileChooser",
        "isLocal" : true,
        "mountId" : "Local space"
      }
    }, {
      "type" : "Control",
      "scope" : "#/properties/model/properties/credentials",
      "options" : {
        "format" : "credentials"
      }
    }, {
      "type" : "Control",
      "scope" : "#/properties/model/properties/dynamicValuesInput",
      "options" : {
        "format" : "dynamicValue"
      }
    }, {
      "type" : "Control",
      "scope" : "#/properties/model/properties/columnSelection",
      "options" : {
        "format" : "dropDown"
      },
      "providedOptions" : [ "possibleValues" ]
    }, {
      "type" : "Control",
      "scope" : "#/properties/model/properties/columnFilter",
      "options" : {
        "format" : "typedStringFilter",
        "unknownValuesText" : "Any unknown column",
        "emptyStateLabel" : "No columns in this list."
      }
    }, {
      "type" : "Control",
      "scope" : "#/properties/model/properties/flowVariableFilter",
      "options" : {
        "format" : "typedStringFilter",
        "unknownValuesText" : "Any unknown variable",
        "emptyStateLabel" : "No variables in this list."
      }
    }, {
      "type" : "Control",
      "scope" : "#/properties/model/properties/simpleButton",
      "options" : {
        "format" : "simpleButton",
        "triggerId" : "org.knime.testing.node.dialog.DefaultNodeSettingsWithAllWidgets$SimpleButtonWidgetRef"
      }
    }, {
      "type" : "Control",
      "scope" : "#/properties/model/properties/string"
    }, {
      "type" : "Control",
      "scope" : "#/properties/model/properties/nested/properties/nestedString"
    }, {
      "type" : "Control",
      "scope" : "#/properties/model/properties/nestedSettingsRenamed/properties/nestedString"
    }, {
      "type" : "Control",
      "scope" : "#/properties/model/properties/nestedSettingsWithCustomPersistor/properties/nestedString"
    } ]
  },
  "persist" : {
    "type" : "object",
    "properties" : {
      "model" : {
        "type" : "object",
        "properties" : {
          "fileSelection" : {
            "type" : "object",
            "properties" : {
              "path" : { }
            }
          },
          "credentials" : { },
          "dynamicValuesInput" : {
            "type" : "object",
            "properties" : {
              "values" : {
                "type" : "array",
                "items" : {
                  "propertiesConfigPaths" : [ ]
                }
              },
              "inputKind" : { }
            }
          },
          "columnSelection" : { },
          "columnFilter" : {
            "type" : "object",
            "properties" : {
              "selected" : {
                "configPaths" : [ ]
              },
              "mode" : { },
              "patternFilter" : {
                "type" : "object",
                "properties" : {
                  "pattern" : { },
                  "isCaseSensitive" : { },
                  "isInverted" : { }
                }
              },
              "manualFilter" : {
                "type" : "object",
                "properties" : {
                  "manuallySelected" : { },
                  "manuallyDeselected" : { },
                  "includeUnknownColumns" : { }
                }
              },
              "typeFilter" : {
                "type" : "object",
                "properties" : {
                  "selectedTypes" : { }
                }
              }
            }
          },
          "flowVariableFilter" : {
            "type" : "object",
            "properties" : {
              "selected" : {
                "configPaths" : [ ]
              },
              "mode" : { },
              "patternFilter" : {
                "type" : "object",
                "properties" : {
                  "pattern" : { },
                  "isCaseSensitive" : { },
                  "isInverted" : { }
                }
              },
              "manualFilter" : {
                "type" : "object",
                "properties" : {
                  "manuallySelected" : { },
                  "manuallyDeselected" : { },
                  "includeUnknownColumns" : { }
                }
              },
              "typeFilter" : {
                "type" : "object",
                "properties" : {
                  "selectedTypes" : { }
                }
              }
            }
          },
          "simpleButton" : { },
          "string" : { },
          "nested" : {
            "type" : "object",
            "properties" : {
              "nestedString" : { }
            }
          },
          "nestedSettingsRenamed" : {
            "type" : "object",
            "properties" : {
              "nestedString" : { }
            },
            "configKey" : "myNestedSettings"
          },
          "nestedSettingsWithCustomPersistor" : {
            "configPaths" : [ [ "customConfigKeyForNestedSettings" ] ],
            "deprecatedConfigKeys" : [ {
              "deprecated" : [ [ "deprecatedConfigKey" ] ]
            } ]
          }
        }
      }
    }
  },
  "globalUpdates" : [ {
    "trigger" : {
      "id" : "after-open-dialog"
    },
    "triggerInitially" : true,
    "dependencies" : [ ]
  }, {
    "trigger" : {
      "id" : "org.knime.testing.node.dialog.DefaultNodeSettingsWithAllWidgets$SimpleButtonWidgetRef"
    },
    "dependencies" : [ ]
  } ]
}