{
  "data" : {
    "view" : {
      "displayedColumns" : {
        "selected" : [ "test1", "test2" ],
        "mode" : "MANUAL",
        "patternFilter" : {
          "pattern" : "",
          "isCaseSensitive" : false,
          "isInverted" : false
        },
        "manualFilter" : {
          "manuallySelected" : [ "test1", "test2" ],
          "manuallyDeselected" : [ ],
          "includeUnknownColumns" : false
        },
        "typeFilter" : {
          "selectedTypes" : [ ],
          "typeDisplays" : [ ]
        }
      },
      "showRowIndices" : false,
      "showRowKeys" : true,
      "title" : "Table View",
      "showTableSize" : true,
      "showColumnDataType" : true,
      "enablePagination" : false,
      "pageSize" : 10,
      "autoSizeColumnsToContent" : "FIXED",
      "rowHeightMode" : "AUTO",
      "customRowHeight" : 80,
      "maxAutoRowHeight" : 120,
      "verticalPaddingMode" : "DEFAULT",
      "enableGlobalSearch" : true,
      "enableColumnSearch" : true,
      "enableSortingByHeader" : true,
      "enableRendererSelection" : true,
      "enableCellCopying" : true,
      "selectionMode" : "EDIT",
      "showOnlySelectedRows" : false,
      "showOnlySelectedRowsConfigurable" : true,
      "skipRemainingColumns" : false,
      "enableDataValueViews" : false,
      "rowLabel" : "Rows",
      "showColumnCount" : true
    }
  },
  "schema" : {
    "type" : "object",
    "properties" : {
      "view" : {
        "type" : "object",
        "properties" : {
          "autoSizeColumnsToContent" : {
            "oneOf" : [ {
              "const" : "FIXED",
              "title" : "Fixed"
            }, {
              "const" : "FIT_CONTENT",
              "title" : "Fit content"
            }, {
              "const" : "FIT_CONTENT_AND_HEADER",
              "title" : "Fit content and header"
            } ],
            "title" : "Column width",
            "description" : "Set the width of the individual columns:\n<ul>\n<li><b>Fixed</b>: the column sizing is fixed</li>\n<li><b>Fit content</b>: the columns are sized according to the largest element in the column within the first 11 rows or within the current page when the page size is smaller than 11.</li>\n<li><b>Fit content and header</b>: the content and the headers are considered for the size calculation of the columns.</li>\n</ul>",
            "default" : "FIXED"
          },
          "customRowHeight" : {
            "type" : "integer",
            "format" : "int32",
            "title" : "Custom row height",
            "description" : "Set the initial height of the rows.",
            "default" : 80
          },
          "displayedColumns" : {
            "type" : "object",
            "properties" : {
              "manualFilter" : {
                "type" : "object",
                "properties" : {
                  "includeUnknownColumns" : {
                    "type" : "boolean",
                    "default" : false
                  },
                  "manuallyDeselected" : {
                    "type" : "array",
                    "items" : {
                      "type" : "string"
                    }
                  },
                  "manuallySelected" : {
                    "type" : "array",
                    "items" : {
                      "type" : "string"
                    }
                  }
                },
                "default" : {
                  "manuallySelected" : [ ],
                  "manuallyDeselected" : [ ],
                  "includeUnknownColumns" : false
                }
              },
              "mode" : {
                "oneOf" : [ {
                  "const" : "MANUAL",
                  "title" : "Manual"
                }, {
                  "const" : "REGEX",
                  "title" : "Regex"
                }, {
                  "const" : "WILDCARD",
                  "title" : "Wildcard"
                }, {
                  "const" : "TYPE",
                  "title" : "Type"
                } ],
                "default" : "MANUAL"
              },
              "patternFilter" : {
                "type" : "object",
                "properties" : {
                  "isCaseSensitive" : {
                    "type" : "boolean",
                    "default" : false
                  },
                  "isInverted" : {
                    "type" : "boolean",
                    "default" : false
                  },
                  "pattern" : {
                    "type" : "string",
                    "default" : ""
                  }
                },
                "default" : {
                  "pattern" : "",
                  "isCaseSensitive" : false,
                  "isInverted" : false
                }
              },
              "selected" : {
                "default" : [ ],
                "type" : "array",
                "items" : {
                  "type" : "string"
                }
              },
              "typeFilter" : {
                "type" : "object",
                "properties" : {
                  "selectedTypes" : {
                    "default" : [ ],
                    "type" : "array",
                    "items" : {
                      "type" : "string"
                    }
                  },
                  "typeDisplays" : {
                    "default" : [ ],
                    "type" : "array",
                    "items" : {
                      "type" : "object",
                      "properties" : {
                        "id" : {
                          "type" : "string"
                        },
                        "text" : {
                          "type" : "string"
                        }
                      }
                    }
                  }
                },
                "default" : {
                  "selectedTypes" : [ ],
                  "typeDisplays" : [ ]
                }
              }
            },
            "title" : "Displayed columns",
            "description" : "Select the columns that should be displayed in the table",
            "default" : {
              "selected" : [ "test1", "test2" ],
              "mode" : "MANUAL",
              "patternFilter" : {
                "pattern" : "",
                "isCaseSensitive" : false,
                "isInverted" : false
              },
              "manualFilter" : {
                "manuallySelected" : [ "test1", "test2" ],
                "manuallyDeselected" : [ ],
                "includeUnknownColumns" : false
              },
              "typeFilter" : {
                "selectedTypes" : [ ],
                "typeDisplays" : [ ]
              }
            }
          },
          "enableCellCopying" : {
            "type" : "boolean",
            "title" : "Enable copying cells",
            "description" : "When checked, the cells of the table are selectable and can be copied. Click on a cell to select it. To select a range, select a cell, then click another cell with shift pressed or with the left mouse button pressed, drag over other cells.",
            "default" : true
          },
          "enableColumnSearch" : {
            "type" : "boolean",
            "title" : "Enable column search",
            "description" : "Enables or disables the ability to perform a column search inside the table.",
            "default" : true
          },
          "enableDataValueViews" : {
            "type" : "boolean",
            "default" : false
          },
          "enableGlobalSearch" : {
            "type" : "boolean",
            "title" : "Enable global search",
            "description" : "Enables or disables the ability to perform a global search inside the table.",
            "default" : true
          },
          "enablePagination" : {
            "type" : "boolean",
            "title" : "Pagination",
            "description" : "Enables or disables the ability to only show a certain number of rows. Enabling pagination hides the option “Show table size”.",
            "default" : false
          },
          "enableRendererSelection" : {
            "type" : "boolean",
            "title" : "Enable selection of column renderer",
            "description" : "Whether to enable the selection of a column renderer in the header or not",
            "default" : true
          },
          "enableSortingByHeader" : {
            "type" : "boolean",
            "title" : "Enable sorting by header",
            "description" : "Enables or disables the ability to sort the table by clicking on the column headers",
            "default" : true
          },
          "maxAutoRowHeight" : {
            "type" : "integer",
            "format" : "int32",
            "title" : "Maximum auto row height",
            "description" : "Set the maximum height of the rows while using row height “Auto”.",
            "default" : 120
          },
          "pageSize" : {
            "type" : "integer",
            "format" : "int32",
            "title" : "Page size",
            "description" : "Select the amount of rows shown per page",
            "default" : 10
          },
          "rowHeightMode" : {
            "oneOf" : [ {
              "const" : "AUTO",
              "title" : "Auto"
            }, {
              "const" : "CUSTOM",
              "title" : "Custom"
            } ],
            "title" : "Row height",
            "description" : "Set the initial height of the rows.\n<ul>\n<li><b>Auto</b>: the rows are sized according to the largest element across all columns and rows within the first 11 rows or within the current page when the page size is smaller than 11. In case of reporting each row will be as high as its content.</li>\n<li><b>Custom</b>: shows as much as you need. For instance, shows images at a size that enables to grasp their gist.</li>\n</ul>",
            "default" : "AUTO"
          },
          "rowLabel" : {
            "type" : "string",
            "default" : "Rows"
          },
          "selectionMode" : {
            "oneOf" : [ {
              "const" : "EDIT",
              "title" : "Edit"
            }, {
              "const" : "SHOW",
              "title" : "Show"
            }, {
              "const" : "OFF",
              "title" : "Off"
            } ],
            "title" : "Selection",
            "description" : "“Show” makes this view receive notifications about changes of the selection. “Edit” also allows you to change the selection and propagate any changes you make here to other views that show the selection.",
            "default" : "EDIT"
          },
          "showColumnCount" : {
            "type" : "boolean",
            "default" : true
          },
          "showColumnDataType" : {
            "type" : "boolean",
            "title" : "Show column data types in header",
            "description" : "Whether to display the data type of the columns in the header or not",
            "default" : true
          },
          "showOnlySelectedRows" : {
            "type" : "boolean",
            "title" : "Show only selected rows",
            "description" : "When checked, only the selected rows are shown in the table view.",
            "default" : false
          },
          "showOnlySelectedRowsConfigurable" : {
            "type" : "boolean",
            "title" : "Enable toggle 'Show only selected rows'",
            "description" : "When checked, it is possible to configure from within the view whether only the selected rows are shown.",
            "default" : true
          },
          "showRowIndices" : {
            "type" : "boolean",
            "title" : "Show row numbers",
            "description" : "Whether to display the row numbers or not",
            "default" : false
          },
          "showRowKeys" : {
            "type" : "boolean",
            "title" : "Show RowIDs",
            "description" : "Whether to display the RowIDs or not",
            "default" : true
          },
          "showTableSize" : {
            "type" : "boolean",
            "title" : "Show table size",
            "description" : "Whether to display the number of rows and columns above the table or not.",
            "default" : true
          },
          "skipRemainingColumns" : {
            "type" : "boolean",
            "default" : false
          },
          "title" : {
            "type" : "string",
            "title" : "Title",
            "description" : "The title of the table shown above the generated image. If left blank, no title will be shown.",
            "default" : "Table View"
          },
          "verticalPaddingMode" : {
            "oneOf" : [ {
              "const" : "DEFAULT",
              "title" : "Default"
            }, {
              "const" : "COMPACT",
              "title" : "Compact"
            } ],
            "title" : "Row padding",
            "description" : "Set the vertical white space of the rows:\n<ul>\n<li><b>Default</b>: sets the default amount of white space to increase the differentiation of the rows.</li>\n<li><b>Compact</b>: reduces white space around rows to a minimum. Choose this option to show as many rows as possible in given space.</li>\n</ul>",
            "default" : "DEFAULT"
          }
        }
      }
    }
  },
  "ui_schema" : {
    "elements" : [ {
      "label" : "Data",
      "type" : "Section",
      "elements" : [ {
        "type" : "Control",
        "scope" : "#/properties/view/properties/displayedColumns",
        "options" : {
          "format" : "columnFilter",
          "possibleValues" : [ {
            "id" : "test1",
            "text" : "test1",
            "type" : {
              "id" : "org.knime.core.data.DoubleValue",
              "text" : "Number (Floating Decimal)"
            },
            "compatibleTypes" : [ "org.knime.core.data.DoubleValue", "org.knime.core.data.DataValue", "org.knime.core.data.ComplexNumberValue", "org.knime.core.data.FuzzyNumberValue", "org.knime.core.data.FuzzyIntervalValue", "org.knime.core.data.BoundedValue" ]
          }, {
            "id" : "test2",
            "text" : "test2",
            "type" : {
              "id" : "org.knime.core.data.StringValue",
              "text" : "String"
            },
            "compatibleTypes" : [ "org.knime.core.data.StringValue", "org.knime.core.data.DataValue", "org.knime.core.data.NominalValue" ]
          } ],
          "showNoneColumn" : false,
          "showRowKeys" : false,
          "showSearch" : true,
          "showMode" : true
        }
      }, {
        "type" : "Control",
        "scope" : "#/properties/view/properties/showRowIndices",
        "options" : {
          "format" : "checkbox"
        }
      }, {
        "type" : "Control",
        "scope" : "#/properties/view/properties/showRowKeys",
        "options" : {
          "format" : "checkbox"
        }
      } ]
    }, {
      "label" : "View",
      "type" : "Section",
      "elements" : [ {
        "type" : "Control",
        "scope" : "#/properties/view/properties/title"
      }, {
        "type" : "Control",
        "scope" : "#/properties/view/properties/showTableSize",
        "options" : {
          "format" : "checkbox"
        },
        "rule" : {
          "effect" : "HIDE",
          "condition" : {
            "scope" : "#/properties/view/properties/enablePagination",
            "schema" : {
              "const" : true
            }
          }
        }
      }, {
        "type" : "Control",
        "scope" : "#/properties/view/properties/showColumnDataType",
        "options" : {
          "format" : "checkbox"
        }
      }, {
        "type" : "Control",
        "scope" : "#/properties/view/properties/enablePagination",
        "options" : {
          "format" : "checkbox"
        }
      }, {
        "type" : "Control",
        "scope" : "#/properties/view/properties/pageSize",
        "options" : {
          "min" : 1.0
        },
        "rule" : {
          "effect" : "SHOW",
          "condition" : {
            "scope" : "#/properties/view/properties/enablePagination",
            "schema" : {
              "const" : true
            }
          }
        }
      }, {
        "type" : "Control",
        "scope" : "#/properties/view/properties/autoSizeColumnsToContent",
        "options" : {
          "format" : "valueSwitch"
        }
      }, {
        "type" : "Control",
        "scope" : "#/properties/view/properties/rowHeightMode",
        "options" : {
          "format" : "valueSwitch"
        }
      }, {
        "type" : "Control",
        "scope" : "#/properties/view/properties/customRowHeight",
        "options" : {
          "min" : 24.0,
          "max" : 1000000.0
        },
        "rule" : {
          "effect" : "SHOW",
          "condition" : {
            "scope" : "#/properties/view/properties/rowHeightMode",
            "schema" : {
              "oneOf" : [ {
                "const" : "CUSTOM"
              } ]
            }
          }
        }
      }, {
        "type" : "Control",
        "scope" : "#/properties/view/properties/maxAutoRowHeight",
        "options" : {
          "isAdvanced" : true,
          "min" : 24.0,
          "max" : 1000000.0
        },
        "rule" : {
          "effect" : "SHOW",
          "condition" : {
            "scope" : "#/properties/view/properties/rowHeightMode",
            "schema" : {
              "oneOf" : [ {
                "const" : "AUTO"
              } ]
            }
          }
        }
      }, {
        "type" : "Control",
        "scope" : "#/properties/view/properties/verticalPaddingMode",
        "options" : {
          "format" : "valueSwitch"
        }
      } ]
    }, {
      "label" : "Interactivity",
      "type" : "Section",
      "elements" : [ {
        "type" : "Control",
        "scope" : "#/properties/view/properties/enableGlobalSearch",
        "options" : {
          "format" : "checkbox"
        }
      }, {
        "type" : "Control",
        "scope" : "#/properties/view/properties/enableColumnSearch",
        "options" : {
          "format" : "checkbox"
        }
      }, {
        "type" : "Control",
        "scope" : "#/properties/view/properties/enableSortingByHeader",
        "options" : {
          "format" : "checkbox"
        }
      }, {
        "type" : "Control",
        "scope" : "#/properties/view/properties/enableRendererSelection",
        "options" : {
          "format" : "checkbox"
        }
      }, {
        "type" : "Control",
        "scope" : "#/properties/view/properties/enableCellCopying",
        "options" : {
          "format" : "checkbox"
        }
      }, {
        "type" : "Control",
        "scope" : "#/properties/view/properties/selectionMode",
        "options" : {
          "format" : "valueSwitch"
        }
      }, {
        "type" : "Control",
        "scope" : "#/properties/view/properties/showOnlySelectedRows",
        "options" : {
          "format" : "checkbox"
        }
      }, {
        "type" : "Control",
        "scope" : "#/properties/view/properties/showOnlySelectedRowsConfigurable",
        "options" : {
          "format" : "checkbox"
        }
      } ]
    } ]
  },
  "persist" : {
    "type" : "object",
    "properties" : {
      "view" : {
        "type" : "object",
        "properties" : {
          "displayedColumns" : {
            "type" : "object",
            "properties" : {
              "selected" : {
                "configPaths" : [ ]
              },
              "mode" : { },
              "patternFilter" : {
                "type" : "object",
                "properties" : {
                  "pattern" : { },
                  "isCaseSensitive" : { },
                  "isInverted" : { }
                }
              },
              "manualFilter" : {
                "type" : "object",
                "properties" : {
                  "manuallySelected" : { },
                  "manuallyDeselected" : { },
                  "includeUnknownColumns" : { }
                }
              },
              "typeFilter" : {
                "type" : "object",
                "properties" : {
                  "selectedTypes" : { },
                  "typeDisplays" : {
                    "configPaths" : [ ]
                  }
                }
              }
            },
            "configKey" : "displayedColumnsV2",
            "deprecatedConfigKeys" : [ {
              "deprecated" : [ [ "displayedColumns" ] ]
            } ]
          },
          "showRowIndices" : { },
          "showRowKeys" : { },
          "title" : { },
          "showTableSize" : { },
          "showColumnDataType" : { },
          "enablePagination" : { },
          "pageSize" : { },
          "autoSizeColumnsToContent" : { },
          "rowHeightMode" : {
            "configKey" : "rowHeightModeV2",
            "deprecatedConfigKeys" : [ {
              "deprecated" : [ ]
            }, {
              "deprecated" : [ [ "compactMode" ] ]
            }, {
              "deprecated" : [ [ "rowHeightMode" ] ]
            } ]
          },
          "customRowHeight" : {
            "deprecatedConfigKeys" : [ {
              "deprecated" : [ ]
            }, {
              "deprecated" : [ [ "compactMode" ] ]
            }, {
              "deprecated" : [ [ "rowHeightMode" ] ]
            } ]
          },
          "maxAutoRowHeight" : { },
          "verticalPaddingMode" : {
            "deprecatedConfigKeys" : [ {
              "deprecated" : [ ]
            }, {
              "deprecated" : [ [ "compactMode" ] ]
            }, {
              "deprecated" : [ [ "rowHeightMode" ] ]
            } ]
          },
          "enableGlobalSearch" : { },
          "enableColumnSearch" : { },
          "enableSortingByHeader" : { },
          "enableRendererSelection" : { },
          "enableCellCopying" : { },
          "selectionMode" : {
            "deprecatedConfigKeys" : [ {
              "deprecated" : [ [ "subscribeToSelection" ], [ "publishSelection" ] ]
            }, {
              "deprecated" : [ ]
            } ]
          },
          "showOnlySelectedRows" : { },
          "showOnlySelectedRowsConfigurable" : { },
          "skipRemainingColumns" : {
            "configPaths" : [ ]
          },
          "enableDataValueViews" : {
            "configPaths" : [ ]
          },
          "rowLabel" : {
            "configPaths" : [ ]
          },
          "showColumnCount" : {
            "configPaths" : [ ]
          }
        }
      }
    }
  }
}